// Jest Snapshot v1, https://goo.gl/fbAQLP

exports[`MovieDetails should match snapshot 1`] = `
Object {
  "asFragment": [Function],
  "baseElement": <body>
    <div>
      <div>
        <h4
          class="sc-gtsrHT sc-hKFxyN lazLpQ cZiHPc"
        >
          X-Men: Apocalypse
        </h4>
        <div
          class="sc-eCApnc daxkQE"
        >
          <img
            class="sc-jSFjdj cMbRHf"
          />
          <div>
            <div
              class="sc-dlnjwi sc-gKAaRy iagrlf hBugTN"
            >
              <strong>
                Release date:
              </strong>
               
              December 15, 2022
            </div>
            <div
              class="sc-dlnjwi sc-gKAaRy iagrlf hBugTN"
            >
              After the re-emergence of the world's first mutant, world-destroyer Apocalypse, the X-Men must unite to defeat his extinction level plan.
            </div>
            <div
              class="sc-dlnjwi iagrlf"
            >
              <strong>
                6.5
              </strong>
               / 10 (
               total votes)
            </div>
          </div>
        </div>
      </div>
    </div>
  </body>,
  "container": <div>
    <div>
      <h4
        class="sc-gtsrHT sc-hKFxyN lazLpQ cZiHPc"
      >
        X-Men: Apocalypse
      </h4>
      <div
        class="sc-eCApnc daxkQE"
      >
        <img
          class="sc-jSFjdj cMbRHf"
        />
        <div>
          <div
            class="sc-dlnjwi sc-gKAaRy iagrlf hBugTN"
          >
            <strong>
              Release date:
            </strong>
             
            December 15, 2022
          </div>
          <div
            class="sc-dlnjwi sc-gKAaRy iagrlf hBugTN"
          >
            After the re-emergence of the world's first mutant, world-destroyer Apocalypse, the X-Men must unite to defeat his extinction level plan.
          </div>
          <div
            class="sc-dlnjwi iagrlf"
          >
            <strong>
              6.5
            </strong>
             / 10 (
             total votes)
          </div>
        </div>
      </div>
    </div>
  </div>,
  "debug": [Function],
  "findAllByAltText": [Function],
  "findAllByDisplayValue": [Function],
  "findAllByLabelText": [Function],
  "findAllByPlaceholderText": [Function],
  "findAllByRole": [Function],
  "findAllByTestId": [Function],
  "findAllByText": [Function],
  "findAllByTitle": [Function],
  "findByAltText": [Function],
  "findByDisplayValue": [Function],
  "findByLabelText": [Function],
  "findByPlaceholderText": [Function],
  "findByRole": [Function],
  "findByTestId": [Function],
  "findByText": [Function],
  "findByTitle": [Function],
  "getAllByAltText": [Function],
  "getAllByDisplayValue": [Function],
  "getAllByLabelText": [Function],
  "getAllByPlaceholderText": [Function],
  "getAllByRole": [Function],
  "getAllByTestId": [Function],
  "getAllByText": [Function],
  "getAllByTitle": [Function],
  "getByAltText": [Function],
  "getByDisplayValue": [Function],
  "getByLabelText": [Function],
  "getByPlaceholderText": [Function],
  "getByRole": [Function],
  "getByTestId": [Function],
  "getByText": [Function],
  "getByTitle": [Function],
  "queryAllByAltText": [Function],
  "queryAllByDisplayValue": [Function],
  "queryAllByLabelText": [Function],
  "queryAllByPlaceholderText": [Function],
  "queryAllByRole": [Function],
  "queryAllByTestId": [Function],
  "queryAllByText": [Function],
  "queryAllByTitle": [Function],
  "queryByAltText": [Function],
  "queryByDisplayValue": [Function],
  "queryByLabelText": [Function],
  "queryByPlaceholderText": [Function],
  "queryByRole": [Function],
  "queryByTestId": [Function],
  "queryByText": [Function],
  "queryByTitle": [Function],
  "rerender": [Function],
  "unmount": [Function],
}
`;
